[0.283s] Invoking command in '/home/omoruyiatekha/autonomy_ws/src/build/move_arms': /usr/bin/cmake /home/omoruyiatekha/autonomy_ws/src/move_arms -DCMAKE_INSTALL_PREFIX=/home/omoruyiatekha/autonomy_ws/src/install/move_arms
[0.501s] -- The C compiler identification is GNU 9.4.0
[0.666s] -- The CXX compiler identification is GNU 9.4.0
[0.682s] -- Check for working C compiler: /usr/bin/cc
[0.752s] -- Check for working C compiler: /usr/bin/cc -- works
[0.758s] -- Detecting C compiler ABI info
[0.820s] -- Detecting C compiler ABI info - done
[0.833s] -- Detecting C compile features
[0.833s] -- Detecting C compile features - done
[0.837s] -- Check for working CXX compiler: /usr/bin/c++
[0.916s] -- Check for working CXX compiler: /usr/bin/c++ -- works
[0.916s] -- Detecting CXX compiler ABI info
[0.992s] -- Detecting CXX compiler ABI info - done
[0.999s] -- Detecting CXX compile features
[0.999s] -- Detecting CXX compile features - done
[1.010s] -- Found ament_cmake: 1.1.6 (/opt/ros/galactic/share/ament_cmake/cmake)
[1.041s] -- Found PythonInterp: /usr/bin/python3 (found suitable version "3.8.10", minimum required is "3") 
[1.041s] -- Using PYTHON_EXECUTABLE: /usr/bin/python3
[1.167s] -- Found rclcpp: 9.2.2 (/opt/ros/galactic/share/rclcpp/cmake)
[1.255s] -- Using all available rosidl_typesupport_c: rosidl_typesupport_fastrtps_c;rosidl_typesupport_introspection_c
[1.271s] -- Found rosidl_adapter: 2.2.3 (/opt/ros/galactic/share/rosidl_adapter/cmake)
[1.392s] -- Found OpenSSL: /usr/lib/x86_64-linux-gnu/libcrypto.so (found version "1.1.1f")  
[1.419s] -- Found FastRTPS: /opt/ros/galactic/include  
[1.519s] -- Using all available rosidl_typesupport_cpp: rosidl_typesupport_fastrtps_cpp;rosidl_typesupport_introspection_cpp
[1.609s] -- Found rmw_implementation_cmake: 3.3.1 (/opt/ros/galactic/share/rmw_implementation_cmake/cmake)
[1.615s] -- Found rmw_fastrtps_cpp: 5.0.2 (/opt/ros/galactic/share/rmw_fastrtps_cpp/cmake)
[1.725s] -- Using RMW implementation 'rmw_fastrtps_cpp' as default
[1.729s] -- Looking for pthread.h
[1.828s] -- Looking for pthread.h - found
[1.828s] -- Performing Test CMAKE_HAVE_LIBC_PTHREAD
[1.903s] -- Performing Test CMAKE_HAVE_LIBC_PTHREAD - Failed
[1.903s] -- Looking for pthread_create in pthreads
[1.960s] -- Looking for pthread_create in pthreads - not found
[1.960s] -- Looking for pthread_create in pthread
[2.026s] -- Looking for pthread_create in pthread - found
[2.026s] -- Found Threads: TRUE  
[2.211s] -- Found ament_lint_auto: 0.10.7 (/opt/ros/galactic/share/ament_lint_auto/cmake)
[2.255s] Error parsing '/home/omoruyiatekha/autonomy_ws/src/move_arms/package.xml':
[2.382s] Traceback (most recent call last):
[2.383s]   File "/usr/local/lib/python3.8/dist-packages/catkin_pkg/package.py", line 610, in parse_package_string
[2.383s]     root = dom.parseString(data)
[2.383s]   File "/usr/lib/python3.8/xml/dom/minidom.py", line 1969, in parseString
[2.383s]     return expatbuilder.parseString(string)
[2.383s]   File "/usr/lib/python3.8/xml/dom/expatbuilder.py", line 925, in parseString
[2.383s]     return builder.parseString(string)
[2.383s]   File "/usr/lib/python3.8/xml/dom/expatbuilder.py", line 223, in parseString
[2.383s]     parser.Parse(string, True)
[2.383s] xml.parsers.expat.ExpatError: not well-formed (invalid token): line 1, column 1
[2.383s] 
[2.383s] During handling of the above exception, another exception occurred:
[2.383s] 
[2.383s] Traceback (most recent call last):
[2.383s]   File "/opt/ros/galactic/share/ament_cmake_core/cmake/core/package_xml_2_cmake.py", line 151, in <module>
[2.384s]     main()
[2.384s]   File "/opt/ros/galactic/share/ament_cmake_core/cmake/core/package_xml_2_cmake.py", line 54, in main
[2.384s]     raise e
[2.384s]   File "/opt/ros/galactic/share/ament_cmake_core/cmake/core/package_xml_2_cmake.py", line 50, in main
[2.384s]     package = parse_package_string(
[2.384s]   File "/usr/local/lib/python3.8/dist-packages/catkin_pkg/package.py", line 612, in parse_package_string
[2.384s]     raise InvalidPackage('The manifest contains invalid XML:\n%s' % ex, filename)
[2.384s] catkin_pkg.package.InvalidPackage: Error(s) in package '/home/omoruyiatekha/autonomy_ws/src/move_arms/package.xml':
[2.384s] The manifest contains invalid XML:
[2.384s] not well-formed (invalid token): line 1, column 1
[2.402s] CMake Error at /opt/ros/galactic/share/ament_cmake_core/cmake/core/ament_package_xml.cmake:94 (message):
[2.402s]   execute_process(/usr/bin/python3
[2.402s]   /opt/ros/galactic/share/ament_cmake_core/cmake/core/package_xml_2_cmake.py
[2.402s]   /home/omoruyiatekha/autonomy_ws/src/move_arms/package.xml
[2.402s]   /home/omoruyiatekha/autonomy_ws/src/build/move_arms/ament_cmake_core/package.cmake)
[2.402s]   returned error code 1
[2.402s] Call Stack (most recent call first):
[2.402s]   /opt/ros/galactic/share/ament_cmake_core/cmake/core/ament_package_xml.cmake:49 (_ament_package_xml)
[2.402s]   /opt/ros/galactic/share/ament_lint_auto/cmake/ament_lint_auto_find_test_dependencies.cmake:31 (ament_package_xml)
[2.402s]   CMakeLists.txt:24 (ament_lint_auto_find_test_dependencies)
[2.402s] 
[2.403s] 
[2.404s] -- Configuring incomplete, errors occurred!
[2.404s] See also "/home/omoruyiatekha/autonomy_ws/src/build/move_arms/CMakeFiles/CMakeOutput.log".
[2.404s] See also "/home/omoruyiatekha/autonomy_ws/src/build/move_arms/CMakeFiles/CMakeError.log".
[2.412s] Invoked command in '/home/omoruyiatekha/autonomy_ws/src/build/move_arms' returned '1': /usr/bin/cmake /home/omoruyiatekha/autonomy_ws/src/move_arms -DCMAKE_INSTALL_PREFIX=/home/omoruyiatekha/autonomy_ws/src/install/move_arms
