[0.304s] Invoking command in '/home/omoruyiatekha/autonomy_ws/src/build/move_arms': /usr/bin/cmake /home/omoruyiatekha/autonomy_ws/src/move_arms -DCMAKE_INSTALL_PREFIX=/home/omoruyiatekha/autonomy_ws/src/install/move_arms
[0.320s] -- Found ament_cmake: 1.1.6 (/opt/ros/galactic/share/ament_cmake/cmake)
[0.350s] -- Using PYTHON_EXECUTABLE: /usr/bin/python3
[0.423s] -- Found rclcpp: 9.2.2 (/opt/ros/galactic/share/rclcpp/cmake)
[0.460s] -- Using all available rosidl_typesupport_c: rosidl_typesupport_fastrtps_c;rosidl_typesupport_introspection_c
[0.462s] -- Found rosidl_adapter: 2.2.3 (/opt/ros/galactic/share/rosidl_adapter/cmake)
[0.588s] -- Using all available rosidl_typesupport_cpp: rosidl_typesupport_fastrtps_cpp;rosidl_typesupport_introspection_cpp
[0.644s] -- Found rmw_implementation_cmake: 3.3.1 (/opt/ros/galactic/share/rmw_implementation_cmake/cmake)
[0.646s] -- Found rmw_fastrtps_cpp: 5.0.2 (/opt/ros/galactic/share/rmw_fastrtps_cpp/cmake)
[0.744s] -- Using RMW implementation 'rmw_fastrtps_cpp' as default
[0.875s] -- Found ament_lint_auto: 0.10.7 (/opt/ros/galactic/share/ament_lint_auto/cmake)
[0.934s] Error parsing '/home/omoruyiatekha/autonomy_ws/src/move_arms/package.xml':
[1.067s] Traceback (most recent call last):
[1.067s]   File "/usr/local/lib/python3.8/dist-packages/catkin_pkg/package.py", line 610, in parse_package_string
[1.067s]     root = dom.parseString(data)
[1.067s]   File "/usr/lib/python3.8/xml/dom/minidom.py", line 1969, in parseString
[1.067s]     return expatbuilder.parseString(string)
[1.067s]   File "/usr/lib/python3.8/xml/dom/expatbuilder.py", line 925, in parseString
[1.067s]     return builder.parseString(string)
[1.067s]   File "/usr/lib/python3.8/xml/dom/expatbuilder.py", line 223, in parseString
[1.067s]     parser.Parse(string, True)
[1.067s] xml.parsers.expat.ExpatError: not well-formed (invalid token): line 1, column 1
[1.068s] 
[1.068s] During handling of the above exception, another exception occurred:
[1.068s] 
[1.068s] Traceback (most recent call last):
[1.068s]   File "/opt/ros/galactic/share/ament_cmake_core/cmake/core/package_xml_2_cmake.py", line 151, in <module>
[1.068s]     main()
[1.068s]   File "/opt/ros/galactic/share/ament_cmake_core/cmake/core/package_xml_2_cmake.py", line 54, in main
[1.068s]     raise e
[1.068s]   File "/opt/ros/galactic/share/ament_cmake_core/cmake/core/package_xml_2_cmake.py", line 50, in main
[1.068s]     package = parse_package_string(
[1.068s]   File "/usr/local/lib/python3.8/dist-packages/catkin_pkg/package.py", line 612, in parse_package_string
[1.068s]     raise InvalidPackage('The manifest contains invalid XML:\n%s' % ex, filename)
[1.068s] catkin_pkg.package.InvalidPackage: Error(s) in package '/home/omoruyiatekha/autonomy_ws/src/move_arms/package.xml':
[1.068s] The manifest contains invalid XML:
[1.068s] not well-formed (invalid token): line 1, column 1
[1.081s] CMake Error at /opt/ros/galactic/share/ament_cmake_core/cmake/core/ament_package_xml.cmake:94 (message):
[1.081s]   execute_process(/usr/bin/python3
[1.081s]   /opt/ros/galactic/share/ament_cmake_core/cmake/core/package_xml_2_cmake.py
[1.081s]   /home/omoruyiatekha/autonomy_ws/src/move_arms/package.xml
[1.081s]   /home/omoruyiatekha/autonomy_ws/src/build/move_arms/ament_cmake_core/package.cmake)
[1.081s]   returned error code 1
[1.081s] Call Stack (most recent call first):
[1.081s]   /opt/ros/galactic/share/ament_cmake_core/cmake/core/ament_package_xml.cmake:49 (_ament_package_xml)
[1.081s]   /opt/ros/galactic/share/ament_lint_auto/cmake/ament_lint_auto_find_test_dependencies.cmake:31 (ament_package_xml)
[1.081s]   CMakeLists.txt:24 (ament_lint_auto_find_test_dependencies)
[1.081s] 
[1.082s] 
[1.082s] -- Configuring incomplete, errors occurred!
[1.082s] See also "/home/omoruyiatekha/autonomy_ws/src/build/move_arms/CMakeFiles/CMakeOutput.log".
[1.082s] See also "/home/omoruyiatekha/autonomy_ws/src/build/move_arms/CMakeFiles/CMakeError.log".
[1.120s] Invoked command in '/home/omoruyiatekha/autonomy_ws/src/build/move_arms' returned '1': /usr/bin/cmake /home/omoruyiatekha/autonomy_ws/src/move_arms -DCMAKE_INSTALL_PREFIX=/home/omoruyiatekha/autonomy_ws/src/install/move_arms
